NEB log file generated by ORCA
All quantities are given in atomic units. Unless stated otherwise. 
iteration       : 0
climbing        : no
zoom on         : no
nim             : 10
barrier         :   0.00003957 (image:  2) 
distance        :   0.00000000    0.06660372    0.13320743    0.19981115    0.26641486    0.33301858    0.39962229    0.46622601    0.53282973    0.59943344 
energy          : -342.05016562  -342.05014295  -342.05012605  -342.05013567  -342.05017887  -342.05025099  -342.05033876  -342.05042578  -342.05049366  -342.05052285 
max(|Fr_perp|)   :   0.00000000    0.00195444    0.00349379    0.00485132    0.00577307    0.00609134    0.00569090    0.00453510    0.00261847    0.00000000 
Fr_paral         :   0.00000000   -0.00037078   -0.00008963    0.00040186    0.00089393    0.00123821    0.00135623    0.00121081    0.00077883    0.00000000 
max(|Fsp_paral|) :   0.00000000    0.00159919    0.00000395    0.00074193    0.00291283    0.00000132    0.00000000    0.00000000    0.00000000    0.00000000 
max(|Fsp_perp|)  :   0.00000000    0.00000000    0.00000000    0.00000000    0.00000000    0.00000000    0.00000000    0.00000000    0.00000000    0.00000000 
max(|FNEB|)      :   0.00000000    0.00216220    0.00361365    0.00525333    0.00684489    0.00641239    0.00601252    0.00479838    0.00276938    0.00000000 
max(|Force|)     :   0.00040920    0.00203996    0.00363171    0.00499133    0.00590978    0.00620747    0.00578637    0.00459534    0.00263822    0.00014152 
ksp              :   0.06039048    0.10000000    0.10000000    0.08187185    0.01000000    0.01000000    0.01000000    0.01000000    0.01000000 
max(|step|)      :   0.00000000    0.00262416    0.00438572    0.00637573    0.00830733    0.00778243    0.00729712    0.00582358    0.00336107    0.00000000 
angle (deg.)     :    1.6459  1.5940  1.3316  1.1757  1.0891  1.1919  1.2185  1.2212 
>
iteration       : 1
climbing        : no
zoom on         : no
nim             : 10
barrier         :   0.00001032 (image:  1) 
distance        :   0.00000000    0.06998295    0.13349063    0.19867887    0.26096899    0.33340015    0.40002575    0.46667407    0.53337114    0.60013703 
energy          : -342.05016562  -342.05015530  -342.05016121  -342.05018556  -342.05022571  -342.05029371  -342.05036754  -342.05044082  -342.05049816  -342.05052285 
max(|Fr_perp|)   :   0.00000000    0.00107897    0.00256496    0.00412817    0.00540230    0.00569672    0.00523381    0.00400114    0.00217138    0.00000000 
Fr_paral         :   0.00000000   -0.00004238    0.00027288    0.00056947    0.00078946    0.00103689    0.00109644    0.00098071    0.00063371    0.00000000 
max(|Fsp_paral|) :   0.00000000    0.00039940    0.00196850    0.00155816    0.00006214    0.00003542    0.00000014    0.00000029    0.00000041    0.00000000 
max(|Fsp_perp|)  :   0.00000000    0.00000000    0.00000000    0.00000000    0.00000000    0.00000000    0.00000000    0.00000000    0.00000000    0.00000000 
max(|FNEB|)      :   0.00000000    0.00111840    0.00277975    0.00433249    0.00539320    0.00570182    0.00523379    0.00400110    0.00217134    0.00000000 
max(|Force|)     :   0.00040920    0.00108155    0.00254660    0.00408227    0.00533146    0.00560565    0.00514176    0.00392748    0.00213003    0.00014152 
ksp              :   0.10000000    0.10000000    0.04844582    0.01000000    0.01000000    0.01000000    0.01000000    0.01000000    0.01000000 
max(|step|)      :   0.00000000    0.00120899    0.00262109    0.00367256    0.00425899    0.00406098    0.00349793    0.00252761    0.00129464    0.00012284 
angle (deg.)     :    2.1979  2.2191  1.9838  1.5905  1.3085  1.1176  1.1358  1.4133 
>
iteration       : 2
climbing        : no
zoom on         : no
nim             : 10
barrier         :   0.00000731 (image:  1) 
distance        :   0.00000000    0.07056906    0.13135490    0.19671527    0.25982945    0.33379468    0.40044997    0.46707263    0.53378451    0.60064139 
energy          : -342.05016562  -342.05015831  -342.05016884  -342.05020021  -342.05024830  -342.05031968  -342.05038922  -342.05045360  -342.05050208  -342.05052285 
max(|Fr_perp|)   :   0.00000000    0.00055782    0.00081231    0.00113973    0.00167825    0.00211908    0.00218958    0.00184159    0.00107406    0.00000000 
Fr_paral         :   0.00000000    0.00002589    0.00032689    0.00064344    0.00088774    0.00104482    0.00103390    0.00087046    0.00054356    0.00000000 
max(|Fsp_paral|) :   0.00000000    0.00060515    0.00334794    0.00001379    0.00006625    0.00004443    0.00000020    0.00000054    0.00000087    0.00000000 
max(|Fsp_perp|)  :   0.00000000    0.00000000    0.00000000    0.00000000    0.00000000    0.00000000    0.00000000    0.00000000    0.00000000    0.00000000 
max(|FNEB|)      :   0.00000000    0.00067378    0.00316517    0.00114117    0.00166964    0.00212557    0.00218961    0.00184151    0.00107394    0.00000000 
max(|Force|)     :   0.00040920    0.00055475    0.00077159    0.00109836    0.00160787    0.00202642    0.00209407    0.00176350    0.00102855    0.00014152 
ksp              :   0.10000000    0.10000000    0.01000000    0.01000000    0.01000000    0.01000000    0.01000000    0.01000000    0.01000000 
max(|step|)      :   0.00000000    0.00185661    0.00487699    0.00353499    0.00437926    0.00461337    0.00430017    0.00335181    0.00183340    0.00013019 
angle (deg.)     :    3.0134  2.8634  2.6060  2.3509  1.9836  1.5099  1.2699  1.7688 
>
iteration       : 3
climbing        : no
zoom on         : no
nim             : 10
barrier         :   0.00000588 (image:  1) 
distance        :   0.00000000    0.07033586    0.12292428    0.19593549    0.25865128    0.33438286    0.40121699    0.46788845    0.53468771    0.60172179 
energy          : -342.05016562  -342.05015975  -342.05016983  -342.05020608  -342.05025555  -342.05032933  -342.05039782  -342.05045917  -342.05050401  -342.05052285 
max(|Fr_perp|)   :   0.00000000    0.00069687    0.00111648    0.00137795    0.00128800    0.00148338    0.00153726    0.00124091    0.00068146    0.00000000 
Fr_paral         :   0.00000000    0.00005156    0.00028677    0.00064310    0.00088139    0.00102706    0.00100284    0.00082852    0.00050662    0.00000000 
max(|Fsp_paral|) :   0.00000000    0.00110228    0.00280400    0.00006326    0.00007925    0.00005380    0.00000098    0.00000077    0.00000140    0.00000000 
max(|Fsp_perp|)  :   0.00000000    0.00000000    0.00000000    0.00000000    0.00000000    0.00000000    0.00000000    0.00000000    0.00000000    0.00000000 
max(|FNEB|)      :   0.00000000    0.00101852    0.00271151    0.00137197    0.00129795    0.00149877    0.00153757    0.00124065    0.00068097    0.00000000 
max(|Force|)     :   0.00040920    0.00069813    0.00112799    0.00141531    0.00135535    0.00130575    0.00134871    0.00107581    0.00057534    0.00014152 
ksp              :   0.10000000    0.10000000    0.01000000    0.01000000    0.01000000    0.01000000    0.01000000    0.01000000    0.01000000 
max(|step|)      :   0.00000000    0.00153189    0.00583318    0.00276376    0.00253503    0.00269474    0.00256120    0.00201108    0.00110780    0.00006788 
angle (deg.)     :    3.4846  3.4619  2.8848  2.6938  2.4286  2.0525  1.7695  2.2904 
>
iteration       : 4
climbing        : no
zoom on         : no
nim             : 10
barrier         :   0.00000514 (image:  1) 
distance        :   0.00000000    0.06762376    0.11328755    0.19403403    0.25833257    0.33468901    0.40171539    0.46843521    0.53536748    0.60263633 
energy          : -342.05016562  -342.05016048  -342.05016821  -342.05020753  -342.05025912  -342.05033420  -342.05040215  -342.05046188  -342.05050494  -342.05052285 
max(|Fr_perp|)   :   0.00000000    0.00053934    0.00152258    0.00204438    0.00186106    0.00128608    0.00084029    0.00049301    0.00023495    0.00000000 
Fr_paral         :   0.00000000    0.00007852    0.00026107    0.00064306    0.00089465    0.00101547    0.00097287    0.00079091    0.00048002    0.00000000 
max(|Fsp_paral|) :   0.00000000    0.00136548    0.00232684    0.00010122    0.00007360    0.00005650    0.00000184    0.00000127    0.00000199    0.00000000 
max(|Fsp_perp|)  :   0.00000000    0.00000000    0.00000000    0.00000000    0.00000000    0.00000000    0.00000000    0.00000000    0.00000000    0.00000000 
max(|FNEB|)      :   0.00000000    0.00124287    0.00205325    0.00203766    0.00186929    0.00127774    0.00083997    0.00049325    0.00023534    0.00000000 
max(|Force|)     :   0.00040920    0.00054171    0.00152358    0.00207065    0.00192213    0.00137690    0.00094095    0.00059092    0.00035668    0.00014152 
ksp              :   0.10000000    0.10000000    0.01000000    0.01000000    0.01000000    0.01000000    0.01000000    0.01000000    0.01000000 
max(|step|)      :   0.00000000    0.00701722    0.01653321    0.00855619    0.00678814    0.00567907    0.00511748    0.00402840    0.00229378    0.00003745 
angle (deg.)     :    6.9257  9.3206  4.1946  3.5021  3.4686  3.1841  2.7623  3.7729 
>
iteration       : 5
climbing        : no
zoom on         : no
nim             : 10
barrier         :   0.00001984 (image:  2) 
distance        :   0.00000000    0.05582865    0.08566227    0.18824105    0.25874762    0.33588229    0.40351290    0.47036725    0.53774508    0.60585774 
energy          : -342.05016562  -342.05015831  -342.05014578  -342.05018960  -342.05025567  -342.05033076  -342.05039549  -342.05045626  -342.05050316  -342.05052285 
max(|Fr_perp|)   :   0.00000000    0.00162751    0.00519396    0.00521173    0.00269725    0.00207027    0.00306722    0.00262711    0.00134942    0.00000000 
Fr_paral         :   0.00000000   -0.00020912   -0.00021194    0.00061028    0.00092582    0.00090556    0.00089509    0.00080119    0.00051293    0.00000000 
max(|Fsp_paral|) :   0.00000000    0.00035998    0.00454760    0.00590563    0.00004026    0.00005701    0.00000461    0.00000309    0.00000430    0.00000000 
max(|Fsp_perp|)  :   0.00000000    0.00000000    0.00000000    0.00000000    0.00000000    0.00000000    0.00000000    0.00000000    0.00000000    0.00000000 
max(|FNEB|)      :   0.00000000    0.00161308    0.00547061    0.00663021    0.00270771    0.00206411    0.00306647    0.00262775    0.00135045    0.00000000 
max(|Force|)     :   0.00040920    0.00163277    0.00518590    0.00527400    0.00284348    0.00212899    0.00315330    0.00272529    0.00142088    0.00014152 
ksp              :   0.04316801    0.10000000    0.10000000    0.01000000    0.01000000    0.01000000    0.01000000    0.01000000    0.01000000 
max(|step|)      :   0.00000000    0.00249391    0.00821285    0.00535111    0.00422126    0.00362780    0.00383294    0.00301117    0.00153017    0.00007767 
angle (deg.)     :    3.9346  4.2695  2.8915  3.1820  2.7804  2.4977  2.2219  3.0404 
>
